/broncho/tools/jdk1.5.0_18/bin/javac 1 0
/broncho/tools/jdk1.5.0_18/bin/jdb 1 0
/broncho/tools/jdk1.5.0_18/bin/javadoc 1 0
/broncho/tools/arm-eabi-4.2.1/bin/arm-eabi-gcc 1 0
/broncho/tools/arm-eabi-4.2.1/bin/arm-eabi-g++ 1 0
/broncho/tools/arm-eabi-4.2.1/libexec/gcc/arm-eabi/4.2.1/cc1 1 0
/broncho/tools/arm-eabi-4.2.1/libexec/gcc/arm-eabi/4.2.1/cc1plus 1 0
/broncho/tools/arm-eabi-4.2.1/libexec/gcc/arm-eabi/4.2.1/collect2 1 0
/broncho/tools/arm-eabi-4.2.1/bin/../libexec/gcc/arm-eabi/4.2.1/cc1 1 0
/broncho/tools/arm-eabi-4.2.1/bin/../libexec/gcc/arm-eabi/4.2.1/cc1plus 1 0
/broncho/tools/arm-eabi-4.2.1/bin/../libexec/gcc/arm-eabi/4.2.1/collect2 1 0
/broncho/tools/arm-eabi-4.2.1/bin/../lib/gcc/arm-eabi/4.2.1/../../../../arm-eabi/bin/as 1 0
/broncho/tools/arm-eabi-4.4.0/bin/arm-eabi-gcc 1 0
/broncho/tools/arm-eabi-4.4.0/bin/arm-eabi-g++ 1 0
/broncho/tools/arm-eabi-4.4.0/libexec/gcc/arm-eabi/4.4.0/cc1 1 0
/broncho/tools/arm-eabi-4.4.0/libexec/gcc/arm-eabi/4.4.0/cc1plus 1 0
/broncho/tools/arm-eabi-4.4.0/libexec/gcc/arm-eabi/4.4.0/collect2 1 0
/broncho/tools/arm-eabi-4.4.0/bin/../libexec/gcc/arm-eabi/4.4.0/cc1 1 0
/broncho/tools/arm-eabi-4.4.0/bin/../libexec/gcc/arm-eabi/4.4.0/cc1plus 1 0
/broncho/tools/arm-eabi-4.4.0/bin/../libexec/gcc/arm-eabi/4.4.0/collect2 1 0
/broncho/tools/arm-eabi-4.4.0/bin/../lib/gcc/arm-eabi/4.4.0/../../../../arm-eabi/bin/as 1 0
/broncho/tools/arm-linux-4.1.1/bin/arm-linux-gcc 1 0
/broncho/tools/arm-linux-4.1.1/bin/arm-linux-g++ 1 0
/broncho/tools/arm-linux-4.1.1/libexec/gcc/arm-iwmmxt-linux-gnueabi/4.1.1/cc1 1 0
/broncho/tools/arm-linux-4.1.1/libexec/gcc/arm-iwmmxt-linux-gnueabi/4.1.1/cc1plus 1 0
/broncho/tools/arm-linux-4.1.1/libexec/gcc/arm-iwmmxt-linux-gnueabi/4.1.1/collect2 1 0
/broncho/tools/arm-linux-4.1.1/bin/../libexec/gcc/arm-iwmmxt-linux-gnueabi/4.1.1/cc1 1 0
/broncho/tools/arm-linux-4.1.1/bin/../libexec/gcc/arm-iwmmxt-linux-gnueabi/4.1.1/cc1plus 1 0
/broncho/tools/arm-linux-4.1.1/bin/../libexec/gcc/arm-iwmmxt-linux-gnueabi/4.1.1/collect2 1 0
